[instamoda.org/index.html]
[instamoda.org/assets/bootstrap/css/bootstrap-paper.min.css]
[instamoda.org/assets/lightgallery/dist/css/lightgallery.min.css]
[instamoda.org/assets/scripts/fancybox/source/jquery.fancybox8cbb.css]
[instamoda.org/assets/style/font-awesome.min.css]
[instamoda.org/assets/style/paper1603.css]
[instamoda.org/assets/nprogress/nprogress.css]
[instamoda.org/assets/logo/favicon.png]
[backblue.gif]
[fade.gif]
[index.html]
[instamoda.org/assets/logo/logo.png]
[instamoda.org/login.html]
[instamoda.org/tools.html]
[instamoda.org/packages.html]
[instamoda.org/blog.html]
[instamoda.org/member]
[instamoda.org/uye.json]
[platform-api.sharethis.com/js/sharethis.js]
[instamoda.org/assets/jquery/2.2.4/jquery.min3860.js]
[instamoda.org/assets/bootstrap/js/bootstrap.min.js]
[instamoda.org/assets/scripts/fancybox/source/jquery.fancybox.pack.js]
[instamoda.org/assets/lightgallery/dist/js/lightgallery.min.js]
[instamoda.org/assets/lightgallery/dist/js/lg-video.min.js]
[instamoda.org/assets/lazyload/jquery.lazyload.min.js]
[instamoda.org/assets/nprogress/nprogress.js]
[instamoda.org/assets/core/corecb34.js]
[www.google-analytics.com/analytics.js]
[widgets.amung.us/classic/01/173.png]
[instamoda.org/index.html]
[instamoda.org/assets/bootstrap/fonts/glyphicons-halflings-regular.eot]
[instamoda.org/assets/bootstrap/fonts/glyphicons-halflings-regulard41d.eot]
[instamoda.org/assets/bootstrap/fonts/glyphicons-halflings-regular.woff2]
[instamoda.org/assets/bootstrap/fonts/glyphicons-halflings-regular.woff]
[instamoda.org/assets/bootstrap/fonts/glyphicons-halflings-regular.ttf]
[instamoda.org/assets/bootstrap/css/bootstrap-paper.min.css]
[instamoda.org/assets/bootstrap/fonts/glyphicons-halflings-regular.svg]
[instamoda.org/assets/lightgallery/dist/fonts/lgd641.eot]
[instamoda.org/assets/lightgallery/dist/fonts/lgd41d.eot]
[instamoda.org/assets/lightgallery/dist/fonts/lgd641.woff]
[instamoda.org/assets/lightgallery/dist/fonts/lgd641.ttf]
[instamoda.org/assets/lightgallery/dist/fonts/lgd641.svg]
[instamoda.org/assets/lightgallery/dist/img/vimeo-play.png]
[instamoda.org/assets/lightgallery/dist/img/video-play.png]
[instamoda.org/assets/lightgallery/dist/img/youtube-play.png]
[instamoda.org/assets/lightgallery/dist/img/loading.gif]
[instamoda.org/assets/lightgallery/dist/css/lightgallery.min.css]
[instamoda.org/assets/scripts/fancybox/source/fancybox_sprite.png]
[instamoda.org/assets/scripts/fancybox/source/fancybox_loading.gif]
[instamoda.org/assets/scripts/fancybox/source/blank.gif]
[instamoda.org/assets/scripts/fancybox/source/fancybox_overlay.png]
[instamoda.org/assets/scripts/fancybox/source/fancybox_sprite@2x.png]
[instamoda.org/assets/scripts/fancybox/source/fancybox_loading@2x.gif]
[instamoda.org/assets/scripts/fancybox/source/jquery.fancybox8cbb.css]
[instamoda.org/assets/fonts/fontawesome-webfont5b62.eot]
[instamoda.org/assets/fonts/fontawesome-webfontd41d.eot]
[instamoda.org/assets/fonts/fontawesome-webfont5b62.woff2]
[instamoda.org/assets/fonts/fontawesome-webfont5b62.woff]
[instamoda.org/assets/fonts/fontawesome-webfont5b62.ttf]
[instamoda.org/assets/style/font-awesome.min.css]
[instamoda.org/assets/fonts/fontawesome-webfont5b62.svg]
[instamoda.org/assets/images/play-btn.png]
[instamoda.org/assets/style/paper1603.css]
[instamoda.org/assets/nprogress/nprogress.css]
[instamoda.org/assets/logo/favicon.html]
[instamoda.org/assets/logo/logo.html]
[instamoda.org/login.html]
[instamoda.org/tools/send-like.html]
[instamoda.org/tools/send-follower.html]
[instamoda.org/tools/send-comment.html]
[instamoda.org/tools/story-view.html]
[instamoda.org/tools/nonfollow-users.html]
[instamoda.org/tools/send-view-video.html]
[instamoda.org/tools/send-view.html]
[instamoda.org/tools/send-save.html]
[instamoda.org/tools.html]
[instamoda.org/packages.html]
[instamoda.org/blog.html]
[instamoda.org/member.html]
[instamoda.org/assets/bootstrap/fonts/glyphicons-halflings-regular.svg]
[instamoda.org/assets/lightgallery/dist/fonts/lgd641.svg]
[instamoda.org/tools/auto-like-packages.html]
[instamoda.org/assets/fonts/fontawesome-webfont5b62.svg]
[instamoda.org/tools/send-like.html]
[instamoda.org/tools/send-follower.html]
[instamoda.org/tools/send-comment.html]
[instamoda.org/tools/story-view.html]
[instamoda.org/tools/nonfollow-users.html]
[instamoda.org/tools/send-view-video.html]
[instamoda.org/tools/send-view.html]
[instamoda.org/tools/send-save.html]
[instamoda.org/tools/auto-like-packages.html]
